// Jest Snapshot v1, https://goo.gl/fbAQLP

exports[`Login.vue #mounted should render component 1`] = `
<div class="login">
  <div class="login-container">
    <div class="login-image"><img src="../../assets/images/Authentication/login.jpg" alt="bg-login"></div>
    <div class="login-wrapper">
      <div class="login-heading"><img src="@/assets/images/Header/logo.png" alt="Wolmart"></div>
      <!---->
      <div class="login-description">Người bạn của mọi nhà</div>
      <div class="login-form"><span><form autocomplete="off"><div class="form-group"><label for="email" class="form-label">Email</label> <input type="text" id="email" placeholder="Nhập địa chỉ email của bạn" class="form-input"> <icon-stub name="email" width="25" height="25" class="form-icon"></icon-stub> <span class="form-error"></span></div>
      <div class="form-group"><label for="password" class="form-label">Mật khẩu</label> <input id="password" placeholder="Nhập mật khẩu của bạn" type="password" class="form-input input-password">
        <icon-stub name="pwd" width="25" height="25" class="form-icon"></icon-stub> <i class="fas fa-eye-slash password-icon"></i> <span class="form-error"></span>
      </div>
      <p class="form-forgot">
        Quên mật khẩu? <a>Nhấn vào <b>đây</b></a></p> <button type="submit" class="btn full medium">
        đăng nhập
      </button></form></span>
    </div>
    <div class="line-text"><span>hoặc</span></div>
    <div class="login-social"><a class="social-item">
        <icon-stub name="google" width="25" height="25"></icon-stub>
      </a> <a class="social-item">
        <icon-stub name="facebook" width="25" height="25"></icon-stub>
      </a></div>
    <div class="login-register">
      <router-link-stub to="/register" tag="a" ariacurrentvalue="page" event="click">Chưa có tài khoản? <b>Đăng ký</b></router-link-stub>
    </div>
  </div>
</div>
</div>
`;
